// Jest Snapshot v1, https://goo.gl/fbAQLP

exports[`TitleForm empty form snapshot 1`] = `ShallowWrapper {}`;
