// Jest Snapshot v1, https://goo.gl/fbAQLP

exports[`Button empty button snapshot 1`] = `ShallowWrapper {}`;
