// Jest Snapshot v1, https://goo.gl/fbAQLP

exports[`AddChoreWheel snapshot 1`] = `ShallowWrapper {}`;
