// Jest Snapshot v1, https://goo.gl/fbAQLP

exports[`ChoreWheel empty wheel snapshot 1`] = `ShallowWrapper {}`;
